// Jest Snapshot v1, https://goo.gl/fbAQLP

exports[`renders DataGrid default 1`] = `
<div
  className="axui-datagrid"
  onClick={[Function]}
  onKeyDown={[Function]}
  onKeyUp={[Function]}
  onMouseDown={[Function]}
  onMouseUp={[Function]}
  onTouchStartCapture={[Function]}
  onWheel={[Function]}
  style={
    Object {
      "height": 300,
    }
  }
  tabIndex={-1}
>
  <div
    className="axui-datagrid-clip-board"
  >
    <textarea />
  </div>
  <div
    className="axui-datagrid-header"
    style={
      Object {
        "height": 24,
      }
    }
  >
    <div
      data-panel="aside-header"
      style={
        Object {
          "height": 24,
          "left": 0,
          "width": 60,
        }
      }
    >
      <table
        style={
          Object {
            "height": "100%",
          }
        }
      >
        <colgroup>
          <col
            style={
              Object {
                "width": "60px",
              }
            }
          />
          <col />
        </colgroup>
        <tbody>
          <tr
            className=""
          >
            <td
              className="axui-datagrid-header-column axui-datagrid-header-corner"
              colSpan={1}
              onClick={[Function]}
              rowSpan={1}
              style={
                Object {
                  "height": 23,
                  "minHeight": "1px",
                }
              }
            >
              <span
                data-align="center"
                data-span={true}
                style={
                  Object {
                    "height": "23px",
                    "lineHeight": "17px",
                  }
                }
              >
                 
              </span>
            </td>
            <td />
          </tr>
        </tbody>
      </table>
    </div>
    <div
      data-scroll-container="header-scroll-container"
      style={
        Object {
          "height": 24,
          "left": 60,
          "width": -60,
        }
      }
    >
      <div
        data-panel="header-scroll"
        style={
          Object {
            "height": 24,
            "left": 0,
          }
        }
      >
        <table
          style={
            Object {
              "height": "100%",
            }
          }
        >
          <colgroup>
            <col
              style={
                Object {
                  "width": "80px",
                }
              }
            />
            <col
              style={
                Object {
                  "width": "100px",
                }
              }
            />
            <col
              style={
                Object {
                  "width": "100px",
                }
              }
            />
            <col
              style={
                Object {
                  "width": "100px",
                }
              }
            />
            <col
              style={
                Object {
                  "width": "100px",
                }
              }
            />
            <col
              style={
                Object {
                  "width": "100px",
                }
              }
            />
            <col
              style={
                Object {
                  "width": "100px",
                }
              }
            />
            <col
              style={
                Object {
                  "width": "100px",
                }
              }
            />
            <col
              style={
                Object {
                  "width": "100px",
                }
              }
            />
            <col />
          </colgroup>
          <tbody>
            <tr
              className=""
            >
              <td
                className="axui-datagrid-header-column"
                colSpan={1}
                onClick={[Function]}
                rowSpan={1}
                style={
                  Object {
                    "height": 23,
                    "minHeight": "1px",
                  }
                }
              >
                <span
                  data-align="center"
                  data-span={true}
                  style={
                    Object {
                      "height": "23px",
                      "lineHeight": "17px",
                    }
                  }
                >
                  필드A
                </span>
                <span
                  data-filter="true"
                  data-filter-index={0}
                />
              </td>
              <td
                className="axui-datagrid-header-column"
                colSpan={1}
                onClick={[Function]}
                rowSpan={1}
                style={
                  Object {
                    "height": 23,
                    "minHeight": "1px",
                  }
                }
              >
                <span
                  data-align="center"
                  data-span={true}
                  style={
                    Object {
                      "height": "23px",
                      "lineHeight": "17px",
                    }
                  }
                >
                  필드B
                </span>
                <span
                  data-filter="true"
                  data-filter-index={1}
                />
              </td>
              <td
                className="axui-datagrid-header-column"
                colSpan={1}
                onClick={[Function]}
                rowSpan={1}
                style={
                  Object {
                    "height": 23,
                    "minHeight": "1px",
                  }
                }
              >
                <span
                  data-align="center"
                  data-span={true}
                  style={
                    Object {
                      "height": "23px",
                      "lineHeight": "17px",
                    }
                  }
                >
                  필드C
                </span>
                <span
                  data-filter="true"
                  data-filter-index={2}
                />
              </td>
              <td
                className="axui-datagrid-header-column"
                colSpan={1}
                onClick={[Function]}
                rowSpan={1}
                style={
                  Object {
                    "height": 23,
                    "minHeight": "1px",
                  }
                }
              >
                <span
                  data-align="right"
                  data-span={true}
                  style={
                    Object {
                      "height": "23px",
                      "lineHeight": "17px",
                    }
                  }
                >
                  단가
                </span>
                <span
                  data-filter="true"
                  data-filter-index={3}
                />
              </td>
              <td
                className="axui-datagrid-header-column"
                colSpan={1}
                onClick={[Function]}
                rowSpan={1}
                style={
                  Object {
                    "height": 23,
                    "minHeight": "1px",
                  }
                }
              >
                <span
                  data-align="right"
                  data-span={true}
                  style={
                    Object {
                      "height": "23px",
                      "lineHeight": "17px",
                    }
                  }
                >
                  수량
                </span>
                <span
                  data-filter="true"
                  data-filter-index={4}
                />
              </td>
              <td
                className="axui-datagrid-header-column"
                colSpan={1}
                onClick={[Function]}
                rowSpan={1}
                style={
                  Object {
                    "height": 23,
                    "minHeight": "1px",
                  }
                }
              >
                <span
                  data-align="right"
                  data-span={true}
                  style={
                    Object {
                      "height": "23px",
                      "lineHeight": "17px",
                    }
                  }
                >
                  금액
                </span>
                <span
                  data-filter="true"
                  data-filter-index={5}
                />
              </td>
              <td
                className="axui-datagrid-header-column"
                colSpan={1}
                onClick={[Function]}
                rowSpan={1}
                style={
                  Object {
                    "height": 23,
                    "minHeight": "1px",
                  }
                }
              >
                <span
                  data-align="center"
                  data-span={true}
                  style={
                    Object {
                      "height": "23px",
                      "lineHeight": "17px",
                    }
                  }
                >
                  판매일자
                </span>
                <span
                  data-filter="true"
                  data-filter-index={6}
                />
              </td>
              <td
                className="axui-datagrid-header-column"
                colSpan={1}
                onClick={[Function]}
                rowSpan={1}
                style={
                  Object {
                    "height": 23,
                    "minHeight": "1px",
                  }
                }
              >
                <span
                  data-align="center"
                  data-span={true}
                  style={
                    Object {
                      "height": "23px",
                      "lineHeight": "17px",
                    }
                  }
                >
                  고객명
                </span>
                <span
                  data-filter="true"
                  data-filter-index={7}
                />
              </td>
              <td
                className="axui-datagrid-header-column"
                colSpan={1}
                onClick={[Function]}
                rowSpan={1}
                style={
                  Object {
                    "height": 23,
                    "minHeight": "1px",
                  }
                }
              >
                <span
                  data-align="center"
                  data-span={true}
                  style={
                    Object {
                      "height": "23px",
                      "lineHeight": "17px",
                    }
                  }
                >
                  판매타입
                </span>
                <span
                  data-filter="true"
                  data-filter-index={8}
                />
              </td>
              <td />
            </tr>
          </tbody>
        </table>
        <div
          data-column-resizer={0}
          data-left={80}
          data-prev-left={0}
          onMouseDown={[Function]}
          style={
            Object {
              "height": "23px",
              "left": "78px",
              "width": 4,
            }
          }
        />
        <div
          data-column-resizer={1}
          data-left={180}
          data-prev-left={80}
          onMouseDown={[Function]}
          style={
            Object {
              "height": "23px",
              "left": "178px",
              "width": 4,
            }
          }
        />
        <div
          data-column-resizer={2}
          data-left={280}
          data-prev-left={180}
          onMouseDown={[Function]}
          style={
            Object {
              "height": "23px",
              "left": "278px",
              "width": 4,
            }
          }
        />
        <div
          data-column-resizer={3}
          data-left={380}
          data-prev-left={280}
          onMouseDown={[Function]}
          style={
            Object {
              "height": "23px",
              "left": "378px",
              "width": 4,
            }
          }
        />
        <div
          data-column-resizer={4}
          data-left={480}
          data-prev-left={380}
          onMouseDown={[Function]}
          style={
            Object {
              "height": "23px",
              "left": "478px",
              "width": 4,
            }
          }
        />
        <div
          data-column-resizer={5}
          data-left={580}
          data-prev-left={480}
          onMouseDown={[Function]}
          style={
            Object {
              "height": "23px",
              "left": "578px",
              "width": 4,
            }
          }
        />
        <div
          data-column-resizer={6}
          data-left={680}
          data-prev-left={580}
          onMouseDown={[Function]}
          style={
            Object {
              "height": "23px",
              "left": "678px",
              "width": 4,
            }
          }
        />
        <div
          data-column-resizer={7}
          data-left={780}
          data-prev-left={680}
          onMouseDown={[Function]}
          style={
            Object {
              "height": "23px",
              "left": "778px",
              "width": 4,
            }
          }
        />
        <div
          data-column-resizer={8}
          data-left={880}
          data-prev-left={780}
          onMouseDown={[Function]}
          style={
            Object {
              "height": "23px",
              "left": "878px",
              "width": 4,
            }
          }
        />
      </div>
    </div>
  </div>
  <div
    className="axui-datagrid-body"
    onMouseDown={[Function]}
    style={
      Object {
        "height": 256,
      }
    }
  >
    <div
      data-scroll-container="aside-body-scroll-container"
      style={
        Object {
          "height": 256,
          "left": 0,
          "top": 0,
          "width": 60,
        }
      }
    >
      <div
        data-panel="aside-body-scroll"
        style={
          Object {
            "left": 0,
            "paddingLeft": 0,
            "paddingTop": 0,
            "top": 0,
          }
        }
      >
        <table
          style={
            Object {
              "height": "100%",
            }
          }
        >
          <colgroup>
            <col
              style={
                Object {
                  "width": "60px",
                }
              }
            />
            <col />
          </colgroup>
          <tbody />
        </table>
      </div>
    </div>
    <div
      data-scroll-container="body-scroll-container"
      style={
        Object {
          "height": 256,
          "left": 60,
          "top": 0,
          "width": -60,
        }
      }
    >
      <div
        data-panel="body-scroll"
        style={
          Object {
            "left": 0,
            "paddingLeft": 0,
            "paddingTop": 0,
            "top": 0,
          }
        }
      >
        <table
          style={
            Object {
              "height": "100%",
            }
          }
        >
          <colgroup>
            <col
              style={
                Object {
                  "width": "80px",
                }
              }
            />
            <col
              style={
                Object {
                  "width": "100px",
                }
              }
            />
            <col
              style={
                Object {
                  "width": "100px",
                }
              }
            />
            <col
              style={
                Object {
                  "width": "100px",
                }
              }
            />
            <col
              style={
                Object {
                  "width": "100px",
                }
              }
            />
            <col
              style={
                Object {
                  "width": "100px",
                }
              }
            />
            <col
              style={
                Object {
                  "width": "100px",
                }
              }
            />
            <col
              style={
                Object {
                  "width": "100px",
                }
              }
            />
            <col
              style={
                Object {
                  "width": "100px",
                }
              }
            />
            <col />
          </colgroup>
          <tbody />
        </table>
      </div>
    </div>
    <div
      data-scroll-container="bottom-aside-body-scroll-container"
      style={
        Object {
          "height": 0,
          "left": 0,
          "top": 256,
          "width": 60,
        }
      }
    >
      <div
        data-panel="bottom-aside-body-scroll"
        style={
          Object {
            "left": 0,
            "paddingLeft": 0,
            "paddingTop": 0,
            "top": 0,
          }
        }
      >
        <table
          style={
            Object {
              "height": "100%",
            }
          }
        >
          <colgroup>
            <col
              style={
                Object {
                  "width": "60px",
                }
              }
            />
            <col />
          </colgroup>
          <tbody>
            <tr
              className=""
            >
              <td
                className="axui-datagrid-line-number"
                colSpan={1}
                rowSpan={1}
                style={
                  Object {
                    "height": 24,
                    "minHeight": "1px",
                  }
                }
              >
                <span
                  data-pos={-1}
                  data-span="lineNumber"
                  style={
                    Object {
                      "height": "23px",
                      "lineHeight": "17px",
                      "textAlign": "center",
                    }
                  }
                >
                  
                </span>
              </td>
              <td />
            </tr>
          </tbody>
        </table>
      </div>
    </div>
    <div
      data-scroll-container="bottom-body-scroll-container"
      style={
        Object {
          "height": 0,
          "left": 60,
          "top": 256,
          "width": -60,
        }
      }
    >
      <div
        data-panel="bottom-body-scroll"
        style={
          Object {
            "left": 0,
            "paddingLeft": 0,
            "paddingTop": 0,
            "top": 0,
          }
        }
      >
        <table
          style={
            Object {
              "height": "100%",
            }
          }
        >
          <colgroup>
            <col
              style={
                Object {
                  "width": "80px",
                }
              }
            />
            <col
              style={
                Object {
                  "width": "100px",
                }
              }
            />
            <col
              style={
                Object {
                  "width": "100px",
                }
              }
            />
            <col
              style={
                Object {
                  "width": "100px",
                }
              }
            />
            <col
              style={
                Object {
                  "width": "100px",
                }
              }
            />
            <col
              style={
                Object {
                  "width": "100px",
                }
              }
            />
            <col
              style={
                Object {
                  "width": "100px",
                }
              }
            />
            <col
              style={
                Object {
                  "width": "100px",
                }
              }
            />
            <col
              style={
                Object {
                  "width": "100px",
                }
              }
            />
            <col />
          </colgroup>
          <tbody>
            <tr
              className=""
            >
              <td />
            </tr>
          </tbody>
        </table>
      </div>
    </div>
  </div>
  <div
    className="axui-datagrid-page"
    style={
      Object {
        "height": 20,
      }
    }
  >
    <div
      className="axui-datagrid-page-buttons"
      style={
        Object {
          "width": 150,
        }
      }
    >
      <button
        onClick={[Function]}
        style={
          Object {
            "height": 16,
            "width": 16,
          }
        }
      >
        <div
          className="datagridIcon-first"
          data-button-svg={true}
        />
      </button>
      <button
        onClick={[Function]}
        style={
          Object {
            "height": 16,
            "width": 16,
          }
        }
      >
        <div
          className="datagridIcon-prev"
          data-button-svg={true}
        />
      </button>
      <button
        onClick={[Function]}
        style={
          Object {
            "height": 16,
            "width": 16,
          }
        }
      >
        <div
          className="datagridIcon-back"
          data-button-svg={true}
        />
      </button>
      <button
        onClick={[Function]}
        style={
          Object {
            "height": 16,
            "width": 16,
          }
        }
      >
        <div
          className="datagridIcon-play"
          data-button-svg={true}
        />
      </button>
      <button
        onClick={[Function]}
        style={
          Object {
            "height": 16,
            "width": 16,
          }
        }
      >
        <div
          className="datagridIcon-next"
          data-button-svg={true}
        />
      </button>
      <button
        onClick={[Function]}
        style={
          Object {
            "height": 16,
            "width": 16,
          }
        }
      >
        <div
          className="datagridIcon-last"
          data-button-svg={true}
        />
      </button>
    </div>
  </div>
</div>
`;
